// Jest Snapshot v1, https://goo.gl/fbAQLP

exports[`<Button /> doesn't blow up 1`] = `
<button
  className="button"
  onClick={[Function]}
>
  Content
</button>
`;
