// Jest Snapshot v1, https://goo.gl/fbAQLP

exports[`<Icon /> doesn't blow up 1`] = `
<i
  className="icon material-icons "
>
  check
</i>
`;
