// Jest Snapshot v1, https://goo.gl/fbAQLP

exports[`<LocationGrid /> doesn't blow up 1`] = `
<div
  className="location-grid location-grid--empty"
>
  <div
    className="col-12"
  >
    <h3>
      0 of 
      20
       Results Match Your Filter Criteria.
    </h3>
    <p>
      Try something else!
    </p>
  </div>
</div>
`;

exports[`<LocationGridItem /> doesn't blow up 1`] = `
<div
  className="location-grid-item"
>
  <div
    className="location-grid-item__image "
  >
    <img
      alt="Mon Ami Gabi"
      src="https://s3-media3.fl.yelpcdn.com/bphoto/ja1-oE6RiIWorNzty-A4Eg/o.jpg"
    />
  </div>
  <div
    className="location-grid-item__title"
  >
    Mon Ami Gabi
  </div>
  <div
    className="location-grid-item__rating"
  >
    <Component
      rating={4}
      size="small"
    />
  </div>
  <div
    className="location-grid-item__metadata grid"
  >
    <div
      className="col-6"
    >
      <span
        className="location-grid-item__category"
      >
        French
      </span>
      <span>
         â€¢ 
      </span>
      <span
        className="location-grid-item__price"
      >
        $$
      </span>
    </div>
    <div
      className="location-grid-item__openstatus col-6"
    >
      <Component
        open={true}
        size="small"
      />
    </div>
  </div>
  <Component
    block={true}
    className="location-grid-item__action"
    href="#/4JNXUYY8wbaaDmk3BPzlWw"
  >
    Learn More
  </Component>
</div>
`;
