// Jest Snapshot v1, https://goo.gl/fbAQLP

exports[`<TestComponent /> doesn't blow up 1`] = `
<div
  className="test-component"
>
  Test, 
  test
  !
</div>
`;
